// Validating benchmarks:
// ***** BenchmarkRunner: Start   *****
// ***** Found 1 benchmark(s) in total *****
// ***** Building 1 exe(s) in Parallel: Start   *****
// start dotnet  restore --nodeReuse:false /p:UseSharedCompilation=false /p:Deterministic=true /p:Optimize=true /p:ArtifactsPath="/home/mgremy/source/repos/WhatACompiler/src/Driver/bin/Release/net10.0/Driver-DefaultJob-1/" /p:OutDir="/home/mgremy/source/repos/WhatACompiler/src/Driver/bin/Release/net10.0/Driver-DefaultJob-1/bin/Release/net10.0/" /p:OutputPath="/home/mgremy/source/repos/WhatACompiler/src/Driver/bin/Release/net10.0/Driver-DefaultJob-1/bin/Release/net10.0/" /p:PublishDir="/home/mgremy/source/repos/WhatACompiler/src/Driver/bin/Release/net10.0/Driver-DefaultJob-1/publish/" in /home/mgremy/source/repos/WhatACompiler/src/Driver/bin/Release/net10.0/Driver-DefaultJob-1
// command took 1.57 sec and exited with 0
// start dotnet  build -c Release --no-restore --nodeReuse:false /p:UseSharedCompilation=false /p:Deterministic=true /p:Optimize=true /p:ArtifactsPath="/home/mgremy/source/repos/WhatACompiler/src/Driver/bin/Release/net10.0/Driver-DefaultJob-1/" /p:OutDir="/home/mgremy/source/repos/WhatACompiler/src/Driver/bin/Release/net10.0/Driver-DefaultJob-1/bin/Release/net10.0/" /p:OutputPath="/home/mgremy/source/repos/WhatACompiler/src/Driver/bin/Release/net10.0/Driver-DefaultJob-1/bin/Release/net10.0/" /p:PublishDir="/home/mgremy/source/repos/WhatACompiler/src/Driver/bin/Release/net10.0/Driver-DefaultJob-1/publish/" --output "/home/mgremy/source/repos/WhatACompiler/src/Driver/bin/Release/net10.0/Driver-DefaultJob-1/bin/Release/net10.0/" in /home/mgremy/source/repos/WhatACompiler/src/Driver/bin/Release/net10.0/Driver-DefaultJob-1
// command took 8.29 sec and exited with 0
// ***** Done, took 00:00:09 (9.93 sec)   *****
// Found 1 benchmarks:
//   DriverBenchmark.Start: DefaultJob

// **************************
// Benchmark: DriverBenchmark.Start: DefaultJob
// *** Execute ***
// Launch: 1 / 1
// Execute: dotnet Driver-DefaultJob-1.dll --anonymousPipes 115 116 --benchmarkName Driver.DriverBenchmark.Start --job Default --benchmarkId 0 in /home/mgremy/source/repos/WhatACompiler/src/Driver/bin/Release/net10.0/Driver-DefaultJob-1/bin/Release/net10.0
// Failed to set up high priority (Permission denied). In order to run benchmarks with high priority, make sure you have the right permissions.
// BeforeAnythingElse

// Benchmark Process Environment Information:
// BenchmarkDotNet v0.15.8
// Runtime=.NET 10.0.0 (10.0.0, 10.0.25.52411), X64 RyuJIT x86-64-v3
// GC=Concurrent Workstation
// HardwareIntrinsics=AVX2+BMI1+BMI2+F16C+FMA+LZCNT+MOVBE,AVX,SSE3+SSSE3+SSE4.1+SSE4.2+POPCNT,X86Base+SSE+SSE2,AES+PCLMUL VectorSize=256
// Job: DefaultJob

OverheadJitting  1: 1 op, 241098.00 ns, 241.0980 us/op
WorkloadJitting  1: 1 op, 4942571.00 ns, 4.9426 ms/op

OverheadJitting  2: 16 op, 411463.00 ns, 25.7164 us/op
WorkloadJitting  2: 16 op, 1649604.00 ns, 103.1003 us/op

WorkloadPilot    1: 16 op, 1239482.00 ns, 77.4676 us/op
WorkloadPilot    2: 32 op, 2487721.00 ns, 77.7413 us/op
WorkloadPilot    3: 64 op, 5193576.00 ns, 81.1496 us/op
WorkloadPilot    4: 128 op, 9932327.00 ns, 77.5963 us/op
WorkloadPilot    5: 256 op, 17254207.00 ns, 67.3992 us/op
WorkloadPilot    6: 512 op, 44980374.00 ns, 87.8523 us/op
WorkloadPilot    7: 1024 op, 106534952.00 ns, 104.0380 us/op
WorkloadPilot    8: 2048 op, 250574591.00 ns, 122.3509 us/op
WorkloadPilot    9: 4096 op, 497686406.00 ns, 121.5055 us/op
WorkloadPilot   10: 8192 op, 488844119.00 ns, 59.6734 us/op
WorkloadPilot   11: 16384 op, 714709770.00 ns, 43.6224 us/op

OverheadWarmup   1: 16384 op, 103672.00 ns, 6.3276 ns/op
OverheadWarmup   2: 16384 op, 227478.00 ns, 13.8842 ns/op
OverheadWarmup   3: 16384 op, 101113.00 ns, 6.1714 ns/op
OverheadWarmup   4: 16384 op, 98143.00 ns, 5.9902 ns/op
OverheadWarmup   5: 16384 op, 99265.00 ns, 6.0587 ns/op
OverheadWarmup   6: 16384 op, 100386.00 ns, 6.1271 ns/op
OverheadWarmup   7: 16384 op, 77595.00 ns, 4.7360 ns/op

OverheadActual   1: 16384 op, 97373.00 ns, 5.9432 ns/op
OverheadActual   2: 16384 op, 85822.00 ns, 5.2382 ns/op
OverheadActual   3: 16384 op, 77574.00 ns, 4.7347 ns/op
OverheadActual   4: 16384 op, 75144.00 ns, 4.5864 ns/op
OverheadActual   5: 16384 op, 108533.00 ns, 6.6243 ns/op
OverheadActual   6: 16384 op, 78594.00 ns, 4.7970 ns/op
OverheadActual   7: 16384 op, 140964.00 ns, 8.6038 ns/op
OverheadActual   8: 16384 op, 99256.00 ns, 6.0581 ns/op
OverheadActual   9: 16384 op, 86307.00 ns, 5.2678 ns/op
OverheadActual  10: 16384 op, 86052.00 ns, 5.2522 ns/op
OverheadActual  11: 16384 op, 99132.00 ns, 6.0505 ns/op
OverheadActual  12: 16384 op, 294750.00 ns, 17.9901 ns/op
OverheadActual  13: 16384 op, 74648.00 ns, 4.5562 ns/op
OverheadActual  14: 16384 op, 98523.00 ns, 6.0134 ns/op
OverheadActual  15: 16384 op, 102283.00 ns, 6.2429 ns/op
OverheadActual  16: 16384 op, 102825.00 ns, 6.2759 ns/op
OverheadActual  17: 16384 op, 86747.00 ns, 5.2946 ns/op
OverheadActual  18: 16384 op, 104506.00 ns, 6.3785 ns/op
OverheadActual  19: 16384 op, 95165.00 ns, 5.8084 ns/op
OverheadActual  20: 16384 op, 436460.00 ns, 26.6394 ns/op

WorkloadWarmup   1: 16384 op, 746500119.00 ns, 45.5628 us/op
WorkloadWarmup   2: 16384 op, 485773120.00 ns, 29.6492 us/op
WorkloadWarmup   3: 16384 op, 352679593.00 ns, 21.5259 us/op
WorkloadWarmup   4: 16384 op, 350728987.00 ns, 21.4068 us/op
WorkloadWarmup   5: 16384 op, 356105452.00 ns, 21.7350 us/op
WorkloadWarmup   6: 16384 op, 352933259.00 ns, 21.5413 us/op
WorkloadWarmup   7: 16384 op, 352221425.00 ns, 21.4979 us/op
WorkloadWarmup   8: 16384 op, 346983350.00 ns, 21.1782 us/op
WorkloadWarmup   9: 16384 op, 350686416.00 ns, 21.4042 us/op
WorkloadWarmup  10: 16384 op, 352244575.00 ns, 21.4993 us/op
WorkloadWarmup  11: 16384 op, 359403851.00 ns, 21.9363 us/op
WorkloadWarmup  12: 16384 op, 348282037.00 ns, 21.2574 us/op

// BeforeActualRun
WorkloadActual   1: 16384 op, 355983134.00 ns, 21.7275 us/op
WorkloadActual   2: 16384 op, 345721966.00 ns, 21.1012 us/op
WorkloadActual   3: 16384 op, 353284712.00 ns, 21.5628 us/op
WorkloadActual   4: 16384 op, 358792080.00 ns, 21.8989 us/op
WorkloadActual   5: 16384 op, 352024235.00 ns, 21.4859 us/op
WorkloadActual   6: 16384 op, 349520805.00 ns, 21.3331 us/op
WorkloadActual   7: 16384 op, 353456738.00 ns, 21.5733 us/op
WorkloadActual   8: 16384 op, 352947075.00 ns, 21.5422 us/op
WorkloadActual   9: 16384 op, 348724406.00 ns, 21.2844 us/op
WorkloadActual  10: 16384 op, 350426216.00 ns, 21.3883 us/op
WorkloadActual  11: 16384 op, 350803331.00 ns, 21.4113 us/op
WorkloadActual  12: 16384 op, 347847575.00 ns, 21.2309 us/op
WorkloadActual  13: 16384 op, 357296571.00 ns, 21.8077 us/op
WorkloadActual  14: 16384 op, 349508904.00 ns, 21.3323 us/op
WorkloadActual  15: 16384 op, 359547276.00 ns, 21.9450 us/op

// AfterActualRun
WorkloadResult   1: 16384 op, 355885186.00 ns, 21.7215 us/op
WorkloadResult   2: 16384 op, 345624018.00 ns, 21.0952 us/op
WorkloadResult   3: 16384 op, 353186764.00 ns, 21.5568 us/op
WorkloadResult   4: 16384 op, 358694132.00 ns, 21.8930 us/op
WorkloadResult   5: 16384 op, 351926287.00 ns, 21.4799 us/op
WorkloadResult   6: 16384 op, 349422857.00 ns, 21.3271 us/op
WorkloadResult   7: 16384 op, 353358790.00 ns, 21.5673 us/op
WorkloadResult   8: 16384 op, 352849127.00 ns, 21.5362 us/op
WorkloadResult   9: 16384 op, 348626458.00 ns, 21.2785 us/op
WorkloadResult  10: 16384 op, 350328268.00 ns, 21.3823 us/op
WorkloadResult  11: 16384 op, 350705383.00 ns, 21.4054 us/op
WorkloadResult  12: 16384 op, 347749627.00 ns, 21.2250 us/op
WorkloadResult  13: 16384 op, 357198623.00 ns, 21.8017 us/op
WorkloadResult  14: 16384 op, 349410956.00 ns, 21.3264 us/op
WorkloadResult  15: 16384 op, 359449328.00 ns, 21.9390 us/op

// AfterAll
// Benchmark Process 295763 has exited with code 0.

Mean = 21.502 μs, StdErr = 0.064 μs (0.30%), N = 15, StdDev = 0.249 μs
Min = 21.095 μs, Q1 = 21.327 μs, Median = 21.480 μs, Q3 = 21.644 μs, Max = 21.939 μs
IQR = 0.318 μs, LowerFence = 20.850 μs, UpperFence = 22.121 μs
ConfidenceInterval = [21.236 μs; 21.769 μs] (CI 99.9%), Margin = 0.266 μs (1.24% of Mean)
Skewness = 0.29, Kurtosis = 1.87, MValue = 2

// ** Remained 0 (0.0 %) benchmark(s) to run. Estimated finish 2026-08-19 0:33 (0h 0m from now) **
// ***** BenchmarkRunner: Finish  *****

// * Export *
  BenchmarkDotNet.Artifacts/results/Driver.DriverBenchmark-report.csv
  BenchmarkDotNet.Artifacts/results/Driver.DriverBenchmark-report-github.md
  BenchmarkDotNet.Artifacts/results/Driver.DriverBenchmark-report.html

// * Detailed results *
DriverBenchmark.Start: DefaultJob
Runtime = .NET 10.0.0 (10.0.0, 10.0.25.52411), X64 RyuJIT x86-64-v3; GC = Concurrent Workstation
Mean = 21.502 μs, StdErr = 0.064 μs (0.30%), N = 15, StdDev = 0.249 μs
Min = 21.095 μs, Q1 = 21.327 μs, Median = 21.480 μs, Q3 = 21.644 μs, Max = 21.939 μs
IQR = 0.318 μs, LowerFence = 20.850 μs, UpperFence = 22.121 μs
ConfidenceInterval = [21.236 μs; 21.769 μs] (CI 99.9%), Margin = 0.266 μs (1.24% of Mean)
Skewness = 0.29, Kurtosis = 1.87, MValue = 2
-------------------- Histogram --------------------
[20.963 μs ; 22.072 μs) | @@@@@@@@@@@@@@@
---------------------------------------------------

// * Summary *

BenchmarkDotNet v0.15.8, Linux Debian GNU/Linux 13 (trixie)
Intel Core i5-7300U CPU 2.60GHz (Max: 3.50GHz) (Kaby Lake), 1 CPU, 4 logical and 2 physical cores
.NET SDK 10.0.100
  [Host]     : .NET 10.0.0 (10.0.0, 10.0.25.52411), X64 RyuJIT x86-64-v3
  DefaultJob : .NET 10.0.0 (10.0.0, 10.0.25.52411), X64 RyuJIT x86-64-v3


| Method | Mean     | Error    | StdDev   |
|------- |---------:|---------:|---------:|
| Start  | 21.50 μs | 0.266 μs | 0.249 μs |

// * Legends *
  Mean   : Arithmetic mean of all measurements
  Error  : Half of 99.9% confidence interval
  StdDev : Standard deviation of all measurements
  1 μs   : 1 Microsecond (0.000001 sec)

// ***** BenchmarkRunner: End *****
Run time: 00:00:12 (12.63 sec), executed benchmarks: 1

Global total time: 00:00:22 (22.7 sec), executed benchmarks: 1
// * Artifacts cleanup *
Artifacts cleanup is finished
