// Validating benchmarks:
// ***** BenchmarkRunner: Start   *****
// ***** Found 1 benchmark(s) in total *****
// ***** Building 1 exe(s) in Parallel: Start   *****
// start dotnet  restore --nodeReuse:false /p:UseSharedCompilation=false /p:Deterministic=true /p:Optimize=true /p:ArtifactsPath="/home/mgremy/source/repos/WhatACompiler/src/Driver/bin/Release/net10.0/Driver-DefaultJob-1/" /p:OutDir="/home/mgremy/source/repos/WhatACompiler/src/Driver/bin/Release/net10.0/Driver-DefaultJob-1/bin/Release/net10.0/" /p:OutputPath="/home/mgremy/source/repos/WhatACompiler/src/Driver/bin/Release/net10.0/Driver-DefaultJob-1/bin/Release/net10.0/" /p:PublishDir="/home/mgremy/source/repos/WhatACompiler/src/Driver/bin/Release/net10.0/Driver-DefaultJob-1/publish/" in /home/mgremy/source/repos/WhatACompiler/src/Driver/bin/Release/net10.0/Driver-DefaultJob-1
// command took 3.09 sec and exited with 0
// start dotnet  build -c Release --no-restore --nodeReuse:false /p:UseSharedCompilation=false /p:Deterministic=true /p:Optimize=true /p:ArtifactsPath="/home/mgremy/source/repos/WhatACompiler/src/Driver/bin/Release/net10.0/Driver-DefaultJob-1/" /p:OutDir="/home/mgremy/source/repos/WhatACompiler/src/Driver/bin/Release/net10.0/Driver-DefaultJob-1/bin/Release/net10.0/" /p:OutputPath="/home/mgremy/source/repos/WhatACompiler/src/Driver/bin/Release/net10.0/Driver-DefaultJob-1/bin/Release/net10.0/" /p:PublishDir="/home/mgremy/source/repos/WhatACompiler/src/Driver/bin/Release/net10.0/Driver-DefaultJob-1/publish/" --output "/home/mgremy/source/repos/WhatACompiler/src/Driver/bin/Release/net10.0/Driver-DefaultJob-1/bin/Release/net10.0/" in /home/mgremy/source/repos/WhatACompiler/src/Driver/bin/Release/net10.0/Driver-DefaultJob-1
// command took 15.57 sec and exited with 0
// ***** Done, took 00:00:18 (18.75 sec)   *****
// Found 1 benchmarks:
//   DriverBenchmark.Start: DefaultJob

// **************************
// Benchmark: DriverBenchmark.Start: DefaultJob
// *** Execute ***
// Launch: 1 / 1
// Execute: dotnet Driver-DefaultJob-1.dll --anonymousPipes 122 123 --benchmarkName Driver.DriverBenchmark.Start --job Default --benchmarkId 0 in /home/mgremy/source/repos/WhatACompiler/src/Driver/bin/Release/net10.0/Driver-DefaultJob-1/bin/Release/net10.0
// Failed to set up high priority (Permission denied). In order to run benchmarks with high priority, make sure you have the right permissions.
// BeforeAnythingElse

// Benchmark Process Environment Information:
// BenchmarkDotNet v0.15.8
// Runtime=.NET 10.0.0 (10.0.0, 10.0.25.52411), X64 RyuJIT x86-64-v3
// GC=Concurrent Workstation
// HardwareIntrinsics=AVX2+BMI1+BMI2+F16C+FMA+LZCNT+MOVBE,AVX,SSE3+SSSE3+SSE4.1+SSE4.2+POPCNT,X86Base+SSE+SSE2,AES+PCLMUL VectorSize=256
// Job: DefaultJob

OverheadJitting  1: 1 op, 210755.00 ns, 210.7550 us/op
WorkloadJitting  1: 1 op, 4674764.00 ns, 4.6748 ms/op

OverheadJitting  2: 16 op, 525181.00 ns, 32.8238 us/op
WorkloadJitting  2: 16 op, 2136538.00 ns, 133.5336 us/op

WorkloadPilot    1: 16 op, 1529992.00 ns, 95.6245 us/op
WorkloadPilot    2: 32 op, 1990186.00 ns, 62.1933 us/op
WorkloadPilot    3: 64 op, 4296163.00 ns, 67.1275 us/op
WorkloadPilot    4: 128 op, 9039801.00 ns, 70.6234 us/op
WorkloadPilot    5: 256 op, 14708321.00 ns, 57.4544 us/op
WorkloadPilot    6: 512 op, 27288604.00 ns, 53.2981 us/op
WorkloadPilot    7: 1024 op, 61107160.00 ns, 59.6750 us/op
WorkloadPilot    8: 2048 op, 113792772.00 ns, 55.5629 us/op
WorkloadPilot    9: 4096 op, 257931335.00 ns, 62.9715 us/op
WorkloadPilot   10: 8192 op, 421034814.00 ns, 51.3959 us/op
WorkloadPilot   11: 16384 op, 547957294.00 ns, 33.4447 us/op

OverheadWarmup   1: 16384 op, 102417.00 ns, 6.2510 ns/op
OverheadWarmup   2: 16384 op, 62207.00 ns, 3.7968 ns/op
OverheadWarmup   3: 16384 op, 403058.00 ns, 24.6007 ns/op
OverheadWarmup   4: 16384 op, 67590.00 ns, 4.1254 ns/op
OverheadWarmup   5: 16384 op, 378108.00 ns, 23.0779 ns/op
OverheadWarmup   6: 16384 op, 380392.00 ns, 23.2173 ns/op
OverheadWarmup   7: 16384 op, 289540.00 ns, 17.6721 ns/op

OverheadActual   1: 16384 op, 46988.00 ns, 2.8679 ns/op
OverheadActual   2: 16384 op, 48452.00 ns, 2.9573 ns/op
OverheadActual   3: 16384 op, 126688.00 ns, 7.7324 ns/op
OverheadActual   4: 16384 op, 150641.00 ns, 9.1944 ns/op
OverheadActual   5: 16384 op, 105246.00 ns, 6.4237 ns/op
OverheadActual   6: 16384 op, 272373.00 ns, 16.6243 ns/op
OverheadActual   7: 16384 op, 65268.00 ns, 3.9836 ns/op
OverheadActual   8: 16384 op, 62558.00 ns, 3.8182 ns/op
OverheadActual   9: 16384 op, 249208.00 ns, 15.2104 ns/op
OverheadActual  10: 16384 op, 89207.00 ns, 5.4448 ns/op
OverheadActual  11: 16384 op, 59526.00 ns, 3.6332 ns/op
OverheadActual  12: 16384 op, 389903.00 ns, 23.7978 ns/op
OverheadActual  13: 16384 op, 86030.00 ns, 5.2509 ns/op
OverheadActual  14: 16384 op, 207700.00 ns, 12.6770 ns/op
OverheadActual  15: 16384 op, 46305.00 ns, 2.8262 ns/op
OverheadActual  16: 16384 op, 82624.00 ns, 5.0430 ns/op
OverheadActual  17: 16384 op, 92350.00 ns, 5.6366 ns/op
OverheadActual  18: 16384 op, 89464.00 ns, 5.4604 ns/op
OverheadActual  19: 16384 op, 95250.00 ns, 5.8136 ns/op
OverheadActual  20: 16384 op, 88814.00 ns, 5.4208 ns/op

WorkloadWarmup   1: 16384 op, 360836325.00 ns, 22.0237 us/op
WorkloadWarmup   2: 16384 op, 335036061.00 ns, 20.4490 us/op
WorkloadWarmup   3: 16384 op, 338026842.00 ns, 20.6315 us/op
WorkloadWarmup   4: 16384 op, 351550675.00 ns, 21.4570 us/op
WorkloadWarmup   5: 16384 op, 344836163.00 ns, 21.0471 us/op
WorkloadWarmup   6: 16384 op, 336387815.00 ns, 20.5315 us/op
WorkloadWarmup   7: 16384 op, 334714928.00 ns, 20.4294 us/op
WorkloadWarmup   8: 16384 op, 328049768.00 ns, 20.0226 us/op
WorkloadWarmup   9: 16384 op, 351351800.00 ns, 21.4448 us/op
WorkloadWarmup  10: 16384 op, 330524614.00 ns, 20.1736 us/op

// BeforeActualRun
WorkloadActual   1: 16384 op, 335416384.00 ns, 20.4722 us/op
WorkloadActual   2: 16384 op, 334546209.00 ns, 20.4191 us/op
WorkloadActual   3: 16384 op, 333628908.00 ns, 20.3631 us/op
WorkloadActual   4: 16384 op, 335686001.00 ns, 20.4886 us/op
WorkloadActual   5: 16384 op, 331976171.00 ns, 20.2622 us/op
WorkloadActual   6: 16384 op, 348309328.00 ns, 21.2591 us/op
WorkloadActual   7: 16384 op, 337686535.00 ns, 20.6108 us/op
WorkloadActual   8: 16384 op, 332839085.00 ns, 20.3149 us/op
WorkloadActual   9: 16384 op, 330472408.00 ns, 20.1704 us/op
WorkloadActual  10: 16384 op, 328161423.00 ns, 20.0294 us/op
WorkloadActual  11: 16384 op, 341448116.00 ns, 20.8403 us/op
WorkloadActual  12: 16384 op, 347004910.00 ns, 21.1795 us/op
WorkloadActual  13: 16384 op, 359155964.00 ns, 21.9211 us/op
WorkloadActual  14: 16384 op, 383455495.00 ns, 23.4043 us/op
WorkloadActual  15: 16384 op, 332297720.00 ns, 20.2818 us/op
WorkloadActual  16: 16384 op, 333514378.00 ns, 20.3561 us/op
WorkloadActual  17: 16384 op, 335695466.00 ns, 20.4892 us/op

// AfterActualRun
WorkloadResult   1: 16384 op, 335327048.50 ns, 20.4667 us/op
WorkloadResult   2: 16384 op, 334456873.50 ns, 20.4136 us/op
WorkloadResult   3: 16384 op, 333539572.50 ns, 20.3576 us/op
WorkloadResult   4: 16384 op, 335596665.50 ns, 20.4832 us/op
WorkloadResult   5: 16384 op, 331886835.50 ns, 20.2568 us/op
WorkloadResult   6: 16384 op, 348219992.50 ns, 21.2537 us/op
WorkloadResult   7: 16384 op, 337597199.50 ns, 20.6053 us/op
WorkloadResult   8: 16384 op, 332749749.50 ns, 20.3094 us/op
WorkloadResult   9: 16384 op, 330383072.50 ns, 20.1650 us/op
WorkloadResult  10: 16384 op, 328072087.50 ns, 20.0239 us/op
WorkloadResult  11: 16384 op, 341358780.50 ns, 20.8349 us/op
WorkloadResult  12: 16384 op, 346915574.50 ns, 21.1740 us/op
WorkloadResult  13: 16384 op, 332208384.50 ns, 20.2764 us/op
WorkloadResult  14: 16384 op, 333425042.50 ns, 20.3506 us/op
WorkloadResult  15: 16384 op, 335606130.50 ns, 20.4838 us/op
// GC:  223 0 0 350405632 16384
// Threading:  0 0 16384

// AfterAll
// Benchmark Process 141850 has exited with code 0.

Mean = 20.497 μs, StdErr = 0.089 μs (0.44%), N = 15, StdDev = 0.347 μs
Min = 20.024 μs, Q1 = 20.293 μs, Median = 20.414 μs, Q3 = 20.545 μs, Max = 21.254 μs
IQR = 0.252 μs, LowerFence = 19.915 μs, UpperFence = 20.922 μs
ConfidenceInterval = [20.127 μs; 20.867 μs] (CI 99.9%), Margin = 0.370 μs (1.81% of Mean)
Skewness = 0.97, Kurtosis = 2.87, MValue = 2

// ** Remained 0 (0.0 %) benchmark(s) to run. Estimated finish 2026-08-21 0:04 (0h 0m from now) **
// ***** BenchmarkRunner: Finish  *****

// * Export *
  BenchmarkDotNet.Artifacts/results/Driver.DriverBenchmark-report.csv
  BenchmarkDotNet.Artifacts/results/Driver.DriverBenchmark-report-github.md
  BenchmarkDotNet.Artifacts/results/Driver.DriverBenchmark-report.html

// * Detailed results *
DriverBenchmark.Start: DefaultJob
Runtime = .NET 10.0.0 (10.0.0, 10.0.25.52411), X64 RyuJIT x86-64-v3; GC = Concurrent Workstation
Mean = 20.497 μs, StdErr = 0.089 μs (0.44%), N = 15, StdDev = 0.347 μs
Min = 20.024 μs, Q1 = 20.293 μs, Median = 20.414 μs, Q3 = 20.545 μs, Max = 21.254 μs
IQR = 0.252 μs, LowerFence = 19.915 μs, UpperFence = 20.922 μs
ConfidenceInterval = [20.127 μs; 20.867 μs] (CI 99.9%), Margin = 0.370 μs (1.81% of Mean)
Skewness = 0.97, Kurtosis = 2.87, MValue = 2
-------------------- Histogram --------------------
[19.839 μs ; 20.528 μs) | @@@@@@@@@@@
[20.528 μs ; 21.002 μs) | @@
[21.002 μs ; 21.438 μs) | @@
---------------------------------------------------

// * Summary *

BenchmarkDotNet v0.15.8, Linux Debian GNU/Linux 13 (trixie)
Intel Core i5-7300U CPU 2.60GHz (Max: 3.50GHz) (Kaby Lake), 1 CPU, 4 logical and 2 physical cores
.NET SDK 10.0.100
  [Host]     : .NET 10.0.0 (10.0.0, 10.0.25.52411), X64 RyuJIT x86-64-v3
  DefaultJob : .NET 10.0.0 (10.0.0, 10.0.25.52411), X64 RyuJIT x86-64-v3


| Method | Mean     | Error    | StdDev   | Min      | Max      | Gen0    | Allocated |
|------- |---------:|---------:|---------:|---------:|---------:|--------:|----------:|
| Start  | 20.50 μs | 0.370 μs | 0.347 μs | 20.02 μs | 21.25 μs | 13.6108 |  20.89 KB |

// * Hints *
Outliers
  DriverBenchmark.Start: Default -> 2 outliers were removed (21.92 μs, 23.40 μs)

// * Legends *
  Mean      : Arithmetic mean of all measurements
  Error     : Half of 99.9% confidence interval
  StdDev    : Standard deviation of all measurements
  Min       : Minimum
  Max       : Maximum
  Gen0      : GC Generation 0 collects per 1000 operations
  Allocated : Allocated memory per single operation (managed only, inclusive, 1KB = 1024B)
  1 μs      : 1 Microsecond (0.000001 sec)

// * Diagnostic Output - MemoryDiagnoser *


// ***** BenchmarkRunner: End *****
Run time: 00:00:11 (11.41 sec), executed benchmarks: 1

Global total time: 00:00:30 (30.32 sec), executed benchmarks: 1
// * Artifacts cleanup *
Artifacts cleanup is finished
